{
  "Entries": [
    {
      "RequestUri": "https://annelocontainerregistry.azurecr.io/acr/v1/_catalog",
      "RequestMethod": "GET",
      "RequestHeaders": {
        "Accept": "application/json",
        "Authorization": "Sanitized",
        "traceparent": "00-f4cf4eab55d7d445a0eed1520f23665f-55b7c5f95da5cc4b-00",
        "User-Agent": "azsdk-net-Containers.ContainerRegistry/1.0.0-alpha.20210323.1 (.NET Framework 4.8.4300.0; Microsoft Windows 10.0.19042 )",
        "x-ms-client-request-id": "d1c947d404b29065d5ea7fcc142ddb07",
        "x-ms-return-client-request-id": "true"
      },
      "RequestBody": null,
      "StatusCode": 401,
      "ResponseHeaders": {
        "Access-Control-Expose-Headers": [
          "Docker-Content-Digest",
          "WWW-Authenticate",
          "Link",
          "X-Ms-Correlation-Request-Id"
        ],
        "Connection": "keep-alive",
        "Content-Length": "195",
        "Content-Type": "application/json; charset=utf-8",
        "Date": "Tue, 23 Mar 2021 20:51:53 GMT",
        "Docker-Distribution-Api-Version": "registry/2.0",
        "Server": "openresty",
        "Strict-Transport-Security": [
          "max-age=31536000; includeSubDomains",
          "max-age=31536000; includeSubDomains"
        ],
        "WWW-Authenticate": "Bearer realm=\u0022https://annelocontainerregistry.azurecr.io/oauth2/token\u0022,service=\u0022annelocontainerregistry.azurecr.io\u0022,scope=\u0022registry:catalog:*\u0022,error=\u0022invalid_token\u0022",
        "X-Content-Type-Options": "nosniff",
        "X-Ms-Correlation-Request-Id": "4f28b1d0-df16-4d55-aa62-f50e56967a7f"
      },
      "ResponseBody": {
        "errors": [
          {
            "code": "UNAUTHORIZED",
            "message": "authentication required, visit https://aka.ms/acr/authorization for more information.",
            "detail": [
              {
                "Type": "registry",
                "Name": "catalog",
                "Action": "*"
              }
            ]
          }
        ]
      }
    },
    {
      "RequestUri": "https://annelocontainerregistry.azurecr.io/oauth2/exchange",
      "RequestMethod": "POST",
      "RequestHeaders": {
        "Accept": "application/json",
        "Content-Length": "97",
        "Content-Type": "application/x-www-form-urlencoded",
        "traceparent": "00-f4cf4eab55d7d445a0eed1520f23665f-feb88223bd57fd4c-00",
        "User-Agent": "azsdk-net-Containers.ContainerRegistry/1.0.0-alpha.20210323.1 (.NET Framework 4.8.4300.0; Microsoft Windows 10.0.19042 )",
        "x-ms-client-request-id": "d5a2d1d52c38a62142d4218e7b22dcca",
        "x-ms-return-client-request-id": "true"
      },
      "RequestBody": "grant_type=access_token\u0026service=annelocontainerregistry.azurecr.io\u0026tenant=\u0026access_token=Sanitized",
      "StatusCode": 200,
      "ResponseHeaders": {
        "Connection": "keep-alive",
        "Content-Type": "application/json; charset=utf-8",
        "Date": "Tue, 23 Mar 2021 20:51:53 GMT",
        "Server": "openresty",
        "Strict-Transport-Security": "max-age=31536000; includeSubDomains",
        "Transfer-Encoding": "chunked",
        "X-Ms-Correlation-Request-Id": "d501fbb2-35f9-4191-ba39-71f315abe5a2"
      },
      "ResponseBody": {
        "refresh_token": "Sanitized"
      }
    },
    {
      "RequestUri": "https://annelocontainerregistry.azurecr.io/oauth2/token",
      "RequestMethod": "POST",
      "RequestHeaders": {
        "Accept": "application/json",
        "Content-Length": "120",
        "Content-Type": "application/x-www-form-urlencoded",
        "traceparent": "00-f4cf4eab55d7d445a0eed1520f23665f-c7fe597670c1224a-00",
        "User-Agent": "azsdk-net-Containers.ContainerRegistry/1.0.0-alpha.20210323.1 (.NET Framework 4.8.4300.0; Microsoft Windows 10.0.19042 )",
        "x-ms-client-request-id": "a56cd05dc143c3afacb828a54c1aa768",
        "x-ms-return-client-request-id": "true"
      },
      "RequestBody": "grant_type=refresh_token\u0026service=annelocontainerregistry.azurecr.io\u0026scope=registry%3acatalog%3a*\u0026refresh_token=Sanitized",
      "StatusCode": 200,
      "ResponseHeaders": {
        "Connection": "keep-alive",
        "Content-Type": "application/json; charset=utf-8",
        "Date": "Tue, 23 Mar 2021 20:51:53 GMT",
        "Server": "openresty",
        "Strict-Transport-Security": "max-age=31536000; includeSubDomains",
        "Transfer-Encoding": "chunked",
        "X-Ms-Correlation-Request-Id": "506a053f-9a1b-4cc4-89dc-bf841657ce4f"
      },
      "ResponseBody": {
        "access_token": "Sanitized"
      }
    },
    {
      "RequestUri": "https://annelocontainerregistry.azurecr.io/acr/v1/_catalog",
      "RequestMethod": "GET",
      "RequestHeaders": {
        "Accept": "application/json",
        "Authorization": "Sanitized",
        "traceparent": "00-f4cf4eab55d7d445a0eed1520f23665f-55b7c5f95da5cc4b-00",
        "User-Agent": "azsdk-net-Containers.ContainerRegistry/1.0.0-alpha.20210323.1 (.NET Framework 4.8.4300.0; Microsoft Windows 10.0.19042 )",
        "x-ms-client-request-id": "d1c947d404b29065d5ea7fcc142ddb07",
        "x-ms-return-client-request-id": "true"
      },
      "RequestBody": null,
      "StatusCode": 200,
      "ResponseHeaders": {
        "Access-Control-Expose-Headers": [
          "Docker-Content-Digest",
          "WWW-Authenticate",
          "Link",
          "X-Ms-Correlation-Request-Id"
        ],
        "Connection": "keep-alive",
        "Content-Length": "40",
        "Content-Type": "application/json; charset=utf-8",
        "Date": "Tue, 23 Mar 2021 20:51:53 GMT",
        "Docker-Distribution-Api-Version": "registry/2.0",
        "Server": "openresty",
        "Strict-Transport-Security": [
          "max-age=31536000; includeSubDomains",
          "max-age=31536000; includeSubDomains"
        ],
        "X-Content-Type-Options": "nosniff",
        "X-Ms-Correlation-Request-Id": "469876fe-de3e-464b-999e-412f82a94254"
      },
      "ResponseBody": {
        "repositories": [
          "library/hello-world"
        ]
      }
    }
  ],
  "Variables": {
    "CONTAINERREGISTRY_ENDPOINT": "https://annelocontainerregistry.azurecr.io",
    "RandomSeed": "225985181"
  }
}